WARNING: All log messages before absl::InitializeLog() is called are written to STDERR
I0000 00:00:1791332057.792903   25761 cpu_feature_guard.cc:227] This TensorFlow binary is optimized to use available CPU instructions in performance-critical operations.
To enable the following instructions: AVX2 AVX512F FMA, in other operations, rebuild TensorFlow with the appropriate compiler flags.
WARNING: All log messages before absl::InitializeLog() is called are written to STDERR
I0000 00:00:1791332061.794360   25761 cudart_stub.cc:31] Could not find cuda drivers on your machine, GPU will not be used.
Beta conditions: [0.1] | examples per fork: 600
[beta010] update 1/38 loss 0.6931 acc 0.000 gnorm 1.917 t 14s
[beta010] update 2/38 loss 0.6944 acc 0.438 gnorm 2.128 t 27s
[beta010] update 3/38 loss 0.6938 acc 0.438 gnorm 1.745 t 40s
[beta010] update 4/38 loss 0.6938 acc 0.250 gnorm 2.028 t 53s
[beta010] update 5/38 loss 0.6911 acc 0.625 gnorm 2.257 t 68s
[beta010] update 6/38 loss 0.6921 acc 0.562 gnorm 1.866 t 82s
[beta010] update 7/38 loss 0.6905 acc 0.625 gnorm 2.425 t 98s
[beta010] update 8/38 loss 0.6942 acc 0.500 gnorm 2.293 t 116s
[beta010] update 9/38 loss 0.6939 acc 0.500 gnorm 1.773 t 129s
[beta010] update 10/38 loss 0.6917 acc 0.688 gnorm 1.894 t 145s
[beta010] update 11/38 loss 0.6963 acc 0.438 gnorm 2.054 t 161s
[beta010] update 12/38 loss 0.6893 acc 0.438 gnorm 1.873 t 175s
[beta010] update 13/38 loss 0.6915 acc 0.688 gnorm 2.153 t 190s
[beta010] update 14/38 loss 0.6981 acc 0.375 gnorm 1.897 t 204s
[beta010] update 15/38 loss 0.6825 acc 0.688 gnorm 2.198 t 218s
[beta010] update 16/38 loss 0.6860 acc 0.562 gnorm 1.904 t 231s
[beta010] update 17/38 loss 0.6877 acc 0.500 gnorm 2.262 t 246s
[beta010] update 18/38 loss 0.6934 acc 0.625 gnorm 2.259 t 262s
[beta010] update 19/38 loss 0.6932 acc 0.562 gnorm 1.988 t 275s
[beta010] update 20/38 loss 0.6867 acc 0.750 gnorm 1.898 t 293s
[beta010] update 21/38 loss 0.6894 acc 0.688 gnorm 1.856 t 308s
[beta010] update 22/38 loss 0.6980 acc 0.312 gnorm 1.859 t 319s
[beta010] update 23/38 loss 0.6878 acc 0.562 gnorm 1.529 t 329s
[beta010] update 24/38 loss 0.6818 acc 0.625 gnorm 2.070 t 346s
[beta010] update 25/38 loss 0.6840 acc 0.625 gnorm 2.153 t 358s
[beta010] update 26/38 loss 0.6779 acc 0.812 gnorm 1.986 t 372s
[beta010] update 27/38 loss 0.6902 acc 0.625 gnorm 2.332 t 388s
[beta010] update 28/38 loss 0.6952 acc 0.500 gnorm 2.025 t 401s
[beta010] update 29/38 loss 0.6916 acc 0.500 gnorm 2.362 t 416s
[beta010] update 30/38 loss 0.6948 acc 0.625 gnorm 2.070 t 430s
[beta010] update 31/38 loss 0.6893 acc 0.625 gnorm 1.833 t 441s
[beta010] update 32/38 loss 0.6909 acc 0.562 gnorm 2.080 t 457s
[beta010] update 33/38 loss 0.6810 acc 0.562 gnorm 2.009 t 471s
[beta010] update 34/38 loss 0.6858 acc 0.625 gnorm 1.995 t 486s
[beta010] update 35/38 loss 0.6887 acc 0.625 gnorm 2.016 t 500s
[beta010] update 36/38 loss 0.6912 acc 0.562 gnorm 3.071 t 514s
[beta010] update 37/38 loss 0.6741 acc 0.750 gnorm 2.312 t 529s
[beta010] update 38/38 loss 0.6931 acc 0.375 gnorm 2.425 t 536s
[1/4] held-out pairs
[2/4] length-stratified pairs
[3/4] held-out generation
  generated 16/290
  generated 32/290
  generated 48/290
  generated 64/290
  generated 80/290
  generated 96/290
  generated 112/290
  generated 128/290
  generated 144/290
  generated 160/290
  generated 176/290
  generated 192/290
  generated 208/290
  generated 224/290
  generated 240/290
  generated 256/290
  generated 272/290
  generated 288/290
  generated 290/290
[4/4] word-limit prompts
  generated 16/50
  generated 32/50
  generated 48/50
  generated 50/50
