WARNING: All log messages before absl::InitializeLog() is called are written to STDERR
I0000 00:00:1791372002.506324    2997 cpu_feature_guard.cc:227] This TensorFlow binary is optimized to use available CPU instructions in performance-critical operations.
To enable the following instructions: AVX2 AVX512F FMA, in other operations, rebuild TensorFlow with the appropriate compiler flags.
WARNING: All log messages before absl::InitializeLog() is called are written to STDERR
I0000 00:00:1791372005.193351    2997 cudart_stub.cc:31] Could not find cuda drivers on your machine, GPU will not be used.
Traceback (most recent call last):
  File "<frozen runpy>", line 203, in _run_module_as_main
  File "<frozen runpy>", line 88, in _run_code
  File "/content/PA2/task2_ppo/continue_train.py", line 273, in <module>
    main()
    ~~~~^^
  File "/content/PA2/task2_ppo/continue_train.py", line 269, in main
    run_ppo(args.config, args.output, args.updates, args.clip_epsilon, args.kl_beta, args.run_name)
    ~~~~~~~^^^^^^^^^^^^^^^^^^^^^^^^^^^^^^^^^^^^^^^^^^^^^^^^^^^^^^^^^^^^^^^^^^^^^^^^^^^^^^^^^^^^^^^^
  File "/content/PA2/task2_ppo/continue_train.py", line 161, in run_ppo
    with record:
         ^^^^^^
  File "/content/PA2/common/run_record.py", line 211, in __enter__
    return self.start()
           ~~~~~~~~~~^^
  File "/content/PA2/common/run_record.py", line 150, in start
    raise RunInProgress(
    ...<2 lines>...
    )
common.run_record.RunInProgress: task2_ppo_train_smoke_seed6304 is running on worker acct1 (heartbeat 12.5 min ago). Not starting a second copy.
