
== summary
   condition loss_type  updates  generations  generated_tokens  train_reward_mean  train_kl_ref_mean  train_kl_ref_last  train_mean_group_reward_std  train_uninformative_group_fraction  train_policy_loss_mean  train_grad_norm_mean  train_entropy_mean  train_response_tokens_mean  train_truncated_completions  skipped_overflow_steps  wall_clock_s  peak_vram_gib  heldout_n  heldout_reward_mean  heldout_reward_std  heldout_kl_token_mean  heldout_kl_sequence_mean  heldout_entropy_token_mean  heldout_len_mean  heldout_len_std  heldout_len_iqr  heldout_truncation_rate
fork_dr_grpo   dr_grpo      8.0         32.0            7851.0           1.342259           0.000138           0.000571                     0.743881                                 0.0               -0.054273              0.041787            0.682509                   245.34375                         11.0                     0.0         142.3          8.267        165             1.438499            1.333823               0.000126                  0.031565                    0.805613        251.218182       192.838324            421.0                 0.236364
   fork_grpo      grpo      8.0         32.0            7841.0           1.552192           0.000061          -0.000039                     0.638143                                 0.0               -0.052060              0.632311            0.683390                   245.03125                          9.0                     0.0         133.2          8.267        165             1.495245            1.258799               0.000064                  0.017094                    0.784301        265.515152       191.422224            438.0                 0.266667
    standard      grpo     20.0         80.0           21535.0           1.597290          -0.000006           0.000193                     0.585062                                 0.0               -0.069221              1.155398            0.773738                   269.18750                         20.0                     0.0         389.6          8.282        165             1.565855            1.225063               0.000114                  0.030755                    0.786819        269.230303       191.303650            431.0                 0.266667
    midpoint       NaN      NaN          NaN               NaN                NaN                NaN                NaN                          NaN                                 NaN                     NaN                   NaN                 NaN                         NaN                          NaN                     NaN           NaN            NaN        165             1.464015            1.291578               0.000051                  0.012943                    0.812657        252.296970       193.115391            424.0                 0.230303

== group size
 K    bin  n_groups  n_generations  informative_group_rate  mean_within_group_reward_std  median_within_group_reward_std  variance_normalized_advantage  variance_centred_reward  mean_abs_normalized_advantage  fraction_nonzero_advantage
 2    all        96            192                0.937500                      0.384567                        0.244385                       0.937481                 0.336835                       0.937491                    0.937500
 4    all        48            192                0.958333                      0.541004                        0.473666                       0.958328                 0.467726                       0.830716                    0.958333
 8    all        24            192                0.958333                      0.619054                        0.471075                       0.958329                 0.559895                       0.793928                    0.958333
 2   hard        32             64                0.843750                      0.493401                        0.281738                       0.843743                 0.598438                       0.843746                    0.843750
 2 medium        32             64                0.968750                      0.412376                        0.343750                       0.968732                 0.304091                       0.968741                    0.968750
 2   easy        32             64                1.000000                      0.247925                        0.175781                       0.999969                 0.107976                       0.999984                    1.000000
 4   hard        16             64                0.875000                      0.661488                        0.570330                       0.874996                 0.786527                       0.748825                    0.875000
 4 medium        16             64                1.000000                      0.551694                        0.502408                       0.999994                 0.401719                       0.873373                    1.000000
 4   easy        16             64                1.000000                      0.409831                        0.415064                       0.999993                 0.214933                       0.869951                    1.000000
 8   hard         8             64                0.875000                      0.763369                        0.690135                       0.874997                 0.886901                       0.756411                    0.875000
 8 medium         8             64                1.000000                      0.599022                        0.554256                       0.999996                 0.446912                       0.792619                    1.000000
 8   easy         8             64                1.000000                      0.494772                        0.429570                       0.999994                 0.345872                       0.832755                    1.000000

== length-conditioned
   condition loss_type  median_length_split  n_short  n_long  share_of_sequence_weight_long  per_token_weight_short_mean  per_token_weight_long_mean  per_token_weight_long_over_short  mean_advantage_short  mean_advantage_long  corr_length_advantage  completions_masked_truncated
fork_dr_grpo   dr_grpo                 31.0       11      10                       0.936158                     0.001711                    0.001867                          1.091192          9.258098e-02             0.032538               0.253742                            11
   fork_grpo      grpo                 36.0       12      11                       0.461134                     0.081581                    0.004529                          0.055519          2.483527e-09             0.150879               0.170137                             9
    standard      grpo                136.5       30      30                       0.498832                     0.105096                    0.003160                          0.030064         -1.412383e-01             0.327067               0.284538                            20
