WARNING: All log messages before absl::InitializeLog() is called are written to STDERR
I0000 00:00:1791487626.005545   12916 cpu_feature_guard.cc:227] This TensorFlow binary is optimized to use available CPU instructions in performance-critical operations.
To enable the following instructions: AVX2 AVX512F FMA, in other operations, rebuild TensorFlow with the appropriate compiler flags.
WARNING: All log messages before absl::InitializeLog() is called are written to STDERR
I0000 00:00:1791487628.396666   12916 cudart_stub.cc:31] Could not find cuda drivers on your machine, GPU will not be used.
Fork updates: 8
/content/PA2/task3_grpo/continue_train.py:142: UserWarning: Converting a tensor with requires_grad=True to a scalar may lead to unexpected behavior.
Consider using tensor.detach() first. (Triggered internally at /pytorch/torch/csrc/autograd/generated/python_variable_methods.cpp:836.)
  "loss": float(loss),
[fork_grpo] update 1/8 reward +0.758 std 0.632 kl -0.00012 loss +0.0000 gnorm 0.000 len 512 trunc 4 t 32s
[fork_grpo] update 2/8 reward +1.093 std 0.946 kl +0.00007 loss +0.0000 gnorm 0.000 len 512 trunc 4 t 63s
[fork_grpo] update 3/8 reward +2.387 std 0.444 kl -0.00014 loss -0.0006 gnorm 2.219 len 14 trunc 0 t 66s
[fork_grpo] update 4/8 reward +1.223 std 1.393 kl +0.00003 loss -0.4149 gnorm 0.072 len 494 trunc 1 t 97s
[fork_grpo] update 5/8 reward +2.008 std 0.412 kl -0.00006 loss -0.0000 gnorm 1.602 len 10 trunc 0 t 100s
[fork_grpo] update 6/8 reward +0.309 std 0.539 kl +0.00073 loss -0.0005 gnorm 0.691 len 29 trunc 0 t 102s
[fork_grpo] update 7/8 reward +2.542 std 0.346 kl +0.00003 loss -0.0002 gnorm 0.155 len 273 trunc 0 t 122s
[fork_grpo] update 8/8 reward +2.097 std 0.394 kl -0.00004 loss -0.0003 gnorm 0.320 len 115 trunc 0 t 132s
  evaluated 16/165
  evaluated 32/165
  evaluated 48/165
  evaluated 64/165
  evaluated 80/165
  evaluated 96/165
  evaluated 112/165
  evaluated 128/165
  evaluated 144/165
  evaluated 160/165
  evaluated 165/165
