WARNING: All log messages before absl::InitializeLog() is called are written to STDERR
I0000 00:00:1791328329.880508    9308 cpu_feature_guard.cc:227] This TensorFlow binary is optimized to use available CPU instructions in performance-critical operations.
To enable the following instructions: AVX2 AVX512F FMA, in other operations, rebuild TensorFlow with the appropriate compiler flags.
WARNING: All log messages before absl::InitializeLog() is called are written to STDERR
I0000 00:00:1791328334.430097    9308 cudart_stub.cc:31] Could not find cuda drivers on your machine, GPU will not be used.
[standard] update 1/91 loss 0.6931 acc 0.000 gnorm 1.930 t 15s
[standard] update 2/91 loss 0.6941 acc 0.438 gnorm 1.809 t 26s
[standard] update 3/91 loss 0.6903 acc 0.625 gnorm 1.842 t 38s
[standard] update 4/91 loss 0.6930 acc 0.500 gnorm 1.905 t 51s
[standard] update 5/91 loss 0.6927 acc 0.562 gnorm 1.953 t 64s
[standard] update 6/91 loss 0.6921 acc 0.625 gnorm 1.901 t 78s
[standard] update 7/91 loss 0.6953 acc 0.438 gnorm 1.956 t 91s
[standard] update 8/91 loss 0.6870 acc 0.688 gnorm 2.539 t 105s
[standard] update 9/91 loss 0.6899 acc 0.625 gnorm 2.024 t 120s
[standard] update 10/91 loss 0.6924 acc 0.500 gnorm 2.091 t 133s
[standard] update 11/91 loss 0.6867 acc 0.688 gnorm 1.927 t 147s
[standard] update 12/91 loss 0.6911 acc 0.562 gnorm 2.027 t 162s
[standard] update 13/91 loss 0.6927 acc 0.562 gnorm 2.069 t 176s
[standard] update 14/91 loss 0.6871 acc 0.750 gnorm 1.957 t 192s
[standard] update 15/91 loss 0.6912 acc 0.688 gnorm 1.644 t 203s
[standard] update 16/91 loss 0.6858 acc 0.688 gnorm 2.068 t 215s
[standard] update 17/91 loss 0.6890 acc 0.500 gnorm 1.968 t 230s
[standard] update 18/91 loss 0.6894 acc 0.688 gnorm 1.933 t 246s
[standard] update 19/91 loss 0.6893 acc 0.625 gnorm 1.846 t 259s
[standard] update 20/91 loss 0.6874 acc 0.625 gnorm 2.088 t 274s
[standard] update 21/91 loss 0.6842 acc 0.688 gnorm 1.997 t 287s
[standard] update 22/91 loss 0.6837 acc 0.562 gnorm 2.140 t 304s
[standard] update 23/91 loss 0.6911 acc 0.688 gnorm 2.348 t 318s
[standard] update 24/91 loss 0.6880 acc 0.562 gnorm 2.010 t 332s
[standard] update 25/91 loss 0.6943 acc 0.500 gnorm 2.004 t 346s
[standard] update 26/91 loss 0.6948 acc 0.562 gnorm 2.122 t 359s
[standard] update 27/91 loss 0.6935 acc 0.625 gnorm 1.565 t 370s
[standard] update 28/91 loss 0.6814 acc 0.625 gnorm 2.180 t 384s
[standard] update 29/91 loss 0.6981 acc 0.500 gnorm 2.134 t 399s
[standard] update 30/91 loss 0.6860 acc 0.500 gnorm 2.475 t 418s
[standard] update 31/91 loss 0.6806 acc 0.625 gnorm 2.338 t 434s
[standard] update 32/91 loss 0.6877 acc 0.562 gnorm 2.580 t 448s
[standard] update 33/91 loss 0.6744 acc 0.812 gnorm 1.976 t 460s
[standard] update 34/91 loss 0.6936 acc 0.500 gnorm 1.739 t 477s
[standard] update 35/91 loss 0.6859 acc 0.625 gnorm 2.235 t 491s
[standard] update 36/91 loss 0.6747 acc 0.688 gnorm 2.034 t 506s
[standard] update 37/91 loss 0.6931 acc 0.500 gnorm 1.963 t 521s
[standard] update 38/91 loss 0.7048 acc 0.438 gnorm 2.255 t 538s
[standard] update 39/91 loss 0.6767 acc 0.812 gnorm 2.201 t 555s
[standard] update 40/91 loss 0.6869 acc 0.812 gnorm 2.016 t 568s
[standard] update 41/91 loss 0.7002 acc 0.562 gnorm 2.049 t 582s
[standard] update 42/91 loss 0.6734 acc 0.750 gnorm 2.108 t 597s
[standard] update 43/91 loss 0.7015 acc 0.438 gnorm 2.275 t 610s
[standard] update 44/91 loss 0.6946 acc 0.562 gnorm 2.041 t 625s
[standard] update 45/91 loss 0.6784 acc 0.625 gnorm 1.983 t 639s
[standard] update 46/91 loss 0.6832 acc 0.562 gnorm 2.017 t 654s
[standard] update 47/91 loss 0.6825 acc 0.750 gnorm 1.976 t 668s
[standard] update 48/91 loss 0.7034 acc 0.312 gnorm 2.351 t 684s
[standard] update 49/91 loss 0.6848 acc 0.500 gnorm 2.214 t 702s
[standard] update 50/91 loss 0.6756 acc 0.625 gnorm 1.965 t 714s
[standard] update 51/91 loss 0.6896 acc 0.562 gnorm 2.153 t 729s
[standard] update 52/91 loss 0.6866 acc 0.500 gnorm 1.630 t 740s
[standard] update 53/91 loss 0.6807 acc 0.750 gnorm 2.078 t 753s
[standard] update 54/91 loss 0.7050 acc 0.500 gnorm 2.217 t 768s
[standard] update 55/91 loss 0.6759 acc 0.750 gnorm 1.954 t 781s
[standard] update 56/91 loss 0.6917 acc 0.375 gnorm 2.073 t 796s
[standard] update 57/91 loss 0.6636 acc 0.625 gnorm 2.340 t 815s
[standard] update 58/91 loss 0.6762 acc 0.625 gnorm 1.991 t 828s
[standard] update 59/91 loss 0.6846 acc 0.562 gnorm 1.919 t 842s
[standard] update 60/91 loss 0.6839 acc 0.750 gnorm 2.126 t 858s
[standard] update 61/91 loss 0.6888 acc 0.625 gnorm 2.115 t 873s
[standard] update 62/91 loss 0.6664 acc 0.812 gnorm 2.177 t 887s
[standard] update 63/91 loss 0.6723 acc 0.688 gnorm 2.157 t 903s
[standard] update 64/91 loss 0.6812 acc 0.688 gnorm 3.282 t 916s
[standard] update 65/91 loss 0.6964 acc 0.438 gnorm 2.010 t 932s
[standard] update 66/91 loss 0.6649 acc 0.625 gnorm 1.921 t 945s
[standard] update 67/91 loss 0.6763 acc 0.688 gnorm 2.198 t 959s
[standard] update 68/91 loss 0.6708 acc 0.625 gnorm 2.001 t 972s
[standard] update 69/91 loss 0.6797 acc 0.562 gnorm 2.021 t 985s
[standard] update 70/91 loss 0.6925 acc 0.625 gnorm 2.177 t 1001s
[standard] update 71/91 loss 0.6837 acc 0.625 gnorm 2.003 t 1015s
[standard] update 72/91 loss 0.6721 acc 0.812 gnorm 1.983 t 1028s
[standard] update 73/91 loss 0.6715 acc 0.562 gnorm 2.076 t 1041s
[standard] update 74/91 loss 0.6770 acc 0.750 gnorm 2.271 t 1057s
[standard] update 75/91 loss 0.6667 acc 0.812 gnorm 2.199 t 1071s
[standard] update 76/91 loss 0.7030 acc 0.438 gnorm 2.389 t 1087s
[standard] update 77/91 loss 0.6844 acc 0.562 gnorm 2.066 t 1100s
[standard] update 78/91 loss 0.6722 acc 0.625 gnorm nan t 1115s
[standard] update 79/91 loss 0.6787 acc 0.625 gnorm 2.092 t 1130s
[standard] update 80/91 loss 0.6827 acc 0.625 gnorm 2.204 t 1145s
[standard] update 81/91 loss 0.6851 acc 0.625 gnorm 2.165 t 1158s
[standard] update 82/91 loss 0.6916 acc 0.625 gnorm 2.338 t 1175s
[standard] update 83/91 loss 0.6488 acc 0.812 gnorm 2.245 t 1190s
[standard] update 84/91 loss 0.7025 acc 0.375 gnorm 2.418 t 1204s
[standard] update 85/91 loss 0.6705 acc 0.625 gnorm 1.828 t 1216s
[standard] update 86/91 loss 0.6724 acc 0.750 gnorm 2.565 t 1231s
[standard] update 87/91 loss 0.6815 acc 0.438 gnorm 2.208 t 1247s
[standard] update 88/91 loss 0.6521 acc 0.688 gnorm 2.073 t 1260s
[standard] update 89/91 loss 0.6786 acc 0.562 gnorm 1.929 t 1274s
[standard] update 90/91 loss 0.7043 acc 0.562 gnorm 2.347 t 1288s
[standard] update 91/91 loss 0.6174 acc 0.833 gnorm 4.104 t 1295s
