WARNING: All log messages before absl::InitializeLog() is called are written to STDERR
I0000 00:00:1791372431.403051    4913 cpu_feature_guard.cc:227] This TensorFlow binary is optimized to use available CPU instructions in performance-critical operations.
To enable the following instructions: AVX2 AVX512F FMA, in other operations, rebuild TensorFlow with the appropriate compiler flags.
WARNING: All log messages before absl::InitializeLog() is called are written to STDERR
I0000 00:00:1791372434.122193    4913 cudart_stub.cc:31] Could not find cuda drivers on your machine, GPU will not be used.
Traceback (most recent call last):
  File "<frozen runpy>", line 203, in _run_module_as_main
  File "<frozen runpy>", line 88, in _run_code
  File "/content/PA2/task2_ppo/continue_train.py", line 273, in <module>
    main()
    ~~~~^^
  File "/content/PA2/task2_ppo/continue_train.py", line 269, in main
    run_ppo(args.config, args.output, args.updates, args.clip_epsilon, args.kl_beta, args.run_name)
    ~~~~~~~^^^^^^^^^^^^^^^^^^^^^^^^^^^^^^^^^^^^^^^^^^^^^^^^^^^^^^^^^^^^^^^^^^^^^^^^^^^^^^^^^^^^^^^^
  File "/content/PA2/task2_ppo/continue_train.py", line 177, in run_ppo
    new_logp = response_token_logprobs(policy, gen["sequences"], gen["attention_mask"], gen["prompt_width"], gen["response_ids"])[0].float()
               ~~~~~~~~~~~~~~~~~~~~~~~^^^^^^^^^^^^^^^^^^^^^^^^^^^^^^^^^^^^^^^^^^^^^^^^^^^^^^^^^^^^^^^^^^^^^^^^^^^^^^^^^^^^^^^^^^^
  File "/content/PA2/common/generation.py", line 97, in response_token_logprobs
    chosen = torch.gather(logp, -1, response_ids.unsqueeze(-1)).squeeze(-1)
             ~~~~~~~~~~~~^^^^^^^^^^^^^^^^^^^^^^^^^^^^^^^^^^^^^^
RuntimeError: Inference tensors cannot be saved for backward. Please do not use Tensors created in inference mode in computation tracked by autograd. To work around this, you can make a clone to get a normal tensor and use it in autograd, or use `torch.no_grad()` instead of `torch.inference_mode()`.
