WARNING: All log messages before absl::InitializeLog() is called are written to STDERR
I0000 00:00:1791488223.144514   15532 cpu_feature_guard.cc:227] This TensorFlow binary is optimized to use available CPU instructions in performance-critical operations.
To enable the following instructions: AVX2 AVX512F FMA, in other operations, rebuild TensorFlow with the appropriate compiler flags.
WARNING: All log messages before absl::InitializeLog() is called are written to STDERR
I0000 00:00:1791488228.342008   15532 cudart_stub.cc:31] Could not find cuda drivers on your machine, GPU will not be used.
Fork updates: 8
/content/PA2/task3_grpo/continue_train.py:142: UserWarning: Converting a tensor with requires_grad=True to a scalar may lead to unexpected behavior.
Consider using tensor.detach() first. (Triggered internally at /pytorch/torch/csrc/autograd/generated/python_variable_methods.cpp:836.)
  "loss": float(loss),
[fork_dr_grpo] update 1/8 reward +0.758 std 0.632 kl -0.00012 loss +0.0000 gnorm 0.000 len 512 trunc 4 t 33s
[fork_dr_grpo] update 2/8 reward +1.093 std 0.946 kl +0.00007 loss +0.0000 gnorm 0.000 len 512 trunc 4 t 64s
[fork_dr_grpo] update 3/8 reward +2.387 std 0.444 kl -0.00014 loss -0.0181 gnorm 0.036 len 14 trunc 0 t 67s
[fork_dr_grpo] update 4/8 reward -0.001 std 1.354 kl -0.00004 loss -0.3123 gnorm 0.073 len 503 trunc 3 t 99s
[fork_dr_grpo] update 5/8 reward +2.008 std 0.412 kl -0.00036 loss -0.0032 gnorm 0.030 len 10 trunc 0 t 101s
[fork_dr_grpo] update 6/8 reward +0.314 std 0.669 kl +0.00120 loss +0.0151 gnorm 0.034 len 31 trunc 0 t 105s
[fork_dr_grpo] update 7/8 reward +3.042 std 0.412 kl -0.00007 loss -0.1083 gnorm 0.099 len 285 trunc 0 t 134s
[fork_dr_grpo] update 8/8 reward +1.137 std 1.083 kl +0.00057 loss -0.0074 gnorm 0.062 len 96 trunc 0 t 142s
  evaluated 16/165
  evaluated 32/165
  evaluated 48/165
  evaluated 64/165
  evaluated 80/165
  evaluated 96/165
  evaluated 112/165
  evaluated 128/165
  evaluated 144/165
  evaluated 160/165
  evaluated 165/165
